----------------------------------------------------------------------------------
      name:  <unnamed>
       log:  G:\My Drive\MyCourses\URSC645\github_com\npr99\URSC645\TemplateWorkfl
> ow_Stata\SourceData\www2.census.gov\cc-est2013-alldata-48.log
  log type:  text
 opened on:  18 Jan 2022, 17:09:44

. /********-*********-*********-*********-*********-*********-*********/
. /* Description of Program                                           */
. /********-*********-*********-*********-*********-*********-*********/
. // program:    cc-est2013-alldata-48
. // task:       Obtain Source Data and codebook cc-est2013-alldata-48.csv
. // version:    2021-03-12 - Simplified steps to just obtain 1 file
. // project:    Template Workflow
. // author:     Nathanael Rosenheim
. 
. /*------------------------------------------------------------------*/
. /* Control Stata                                                    */
. /*------------------------------------------------------------------*/
. * Generic do file that sets up stata environment
. clear all          // Clear existing data files

. macro drop _all    // Drop macros from memory

. version 15.1       // Set Version

. set more off       // Tell Stata to not pause for --more-- messages

. set varabbrev off  // Turn off variable abbreviations

. set linesize 80    // Set Line Size - 80 Characters for Readability

. numlabel _all, add // Print Prefix numeric values to value labels 
(dataset has no value labels)

. *set matsize 5000   // Set Matrix Size if program has a large matrix
. *set max_memory 2g  // if the file size is larger than 64M change size
. 
. /********-*********-*********-*********-*********-*********-*********/
. /* Obtain Data                                                      */
. /********-*********-*********-*********-*********-*********-*********/
. * US Census Bureau - Texas County Characteristics Datasets: 
. * Annual County Resident Population Estimates by 
. * Age, Sex, Race, and Hispanic Origin: April 1, 2010 to July 1, 2013
. 
. copy "https://www2.census.gov/programs-surveys/popest/datasets/2010-2013/count
> ies/asrh/cc-est2013-alldata-48.csv" ///
>      "cc-est2013-alldata-48.csv", replace
(file cc-est2013-alldata-48.csv not found)

. copy "https://www2.census.gov/programs-surveys/popest/technical-documentation/
> file-layouts/2010-2013/cc-est2013-alldata.pdf" ///
>      "cc-est2013-alldata.pdf", replace
(file cc-est2013-alldata.pdf not found)

. 
.         
. /*-------------------------------------------------------------------*/
. /* End Log                                                           */
. /*-------------------------------------------------------------------*/
. 
. log close
      name:  <unnamed>
       log:  G:\My Drive\MyCourses\URSC645\github_com\npr99\URSC645\TemplateWork
> flow_Stata\SourceData\www2.census.gov\cc-est2013-alldata-48.log
  log type:  text
 closed on:  18 Jan 2022, 17:09:50
--------------------------------------------------------------------------------
